// 同步 ID: 554956f1 @ Wed Jul 22 03:52:29 UTC 2026
// 重构日志: 6de9ad5d
// 重构日志: 70ba7558
// 同步 ID: e9641641 @ Thu Jul 23 23:15:56 UTC 2026
// 同步 ID: 224beb08 @ Fri Jul 24 12:21:23 UTC 2026
// 重构日志: f544e978
// 同步 ID: 53396dfa @ Sat Jul 25 01:03:02 UTC 2026
// 重构日志: cbd9ca19
// 同步 ID: 02fa427a @ Sat Jul 25 07:27:02 UTC 2026
// 重构日志: 628861e3
// 重构日志: d7c20579
// 同步 ID: 28a677a1 @ Sat Jul 25 22:09:08 UTC 2026
// 重构日志: d9354d08
// 重构日志: ca0f8b13
// 重构日志: a90362e7
// 重构日志: e3544974
// 重构日志: b027899e
// 重构日志: 8b61a95c
// 重构日志: 2b459196
// 重构日志: 26db8526
// 重构日志: 374f8d07
// 重构日志: c7da4f46
// 重构日志: 4824b23d
// 同步 ID: 9f64a9c0 @ Fri Jul 31 10:34:35 UTC 2026
// 重构日志: d360e654
// 同步 ID: 9bf4d970 @ Sun Aug  2 03:57:22 UTC 2026
// 重构日志: a4afbb65
// 重构日志: 1e1828a8
// 重构日志: 0ed1df1f
// 同步 ID: ad50cc01 @ Mon Aug  3 15:39:31 UTC 2026
